Unchanged  src/modules/logger/logged_topics.cpp
Unchanged  src/modules/mavlink/MavlinkStreamConfigTest.cpp
Unchanged  src/modules/mavlink/mavlink_main.cpp
Unchanged  src/modules/mavlink/mavlink_main.h
Unchanged  src/modules/mavlink/mavlink_messages.cpp
Unchanged  src/modules/mavlink/mavlink_receiver.cpp
Unchanged  src/modules/mavlink/mavlink_receiver.h
Unchanged  src/modules/mavlink/mavlink_stream.cpp
Unchanged  src/modules/mavlink/mavlink_stream.h
Unchanged  src/modules/mavlink/mavlink_stream_config.cpp
Unchanged  src/modules/mavlink/mavlink_stream_config.h
Unchanged  src/modules/mavlink/streams/AVAILABLE_MODES.hpp
Unchanged  src/modules/mavlink/streams/COMPONENT_INFORMATION.hpp
Unchanged  src/modules/mavlink/streams/COMPONENT_METADATA.hpp
Unchanged  src/modules/mavlink/streams/GPS_GLOBAL_ORIGIN.hpp
Unchanged  src/modules/mavlink/streams/ROVER_ATTITUDE_TUNING_STATUS.hpp
Unchanged  src/modules/mavlink/streams/ROVER_POSITION_TUNING_STATUS.hpp
Unchanged  src/modules/mavlink/streams/ROVER_RATE_TUNING_STATUS.hpp
Unchanged  src/modules/mavlink/streams/ROVER_VELOCITY_TUNING_STATUS.hpp
Unchanged  src/modules/mavlink/streams/STORAGE_INFORMATION.hpp
Unchanged  src/modules/rover_ackermann/AckermannAttControl/AckermannAttControl.cpp
Unchanged  src/modules/rover_ackermann/AckermannRateControl/AckermannRateControl.cpp
Unchanged  src/modules/rover_ackermann/AckermannVelControl/AckermannVelControl.cpp
Formatted  src/modules/rover_differential/DifferentialAttControl/DifferentialAttControl.cpp
Unchanged  src/modules/rover_differential/DifferentialAttControl/DifferentialAttControl.hpp
Formatted  src/modules/rover_differential/DifferentialPosControl/DifferentialPosControl.cpp
Unchanged  src/modules/rover_differential/DifferentialPosControl/DifferentialPosControl.hpp
Unchanged  src/modules/rover_differential/DifferentialRateControl/DifferentialRateControl.cpp
Unchanged  src/modules/rover_differential/DifferentialRateControl/DifferentialRateControl.hpp
Unchanged  src/modules/rover_differential/DifferentialVelControl/DifferentialVelControl.cpp
Unchanged  src/modules/rover_differential/DifferentialVelControl/DifferentialVelControl.hpp
Formatted  src/modules/rover_differential/RoverDifferential.cpp
Unchanged  src/modules/rover_differential/RoverDifferential.hpp
Unchanged  src/modules/rover_mecanum/MecanumAttControl/MecanumAttControl.cpp
Unchanged  src/modules/rover_mecanum/MecanumPosVelControl/MecanumPosVelControl.cpp
Unchanged  src/modules/rover_mecanum/MecanumRateControl/MecanumRateControl.cpp
