[1/20] Building CXX object src/drivers/actuators/hx8_uart_servo/CMakeFiles/drivers__actuators__hx8_uart_servo.dir/hx8_uart_servo_main.cpp.obj
[2/20] Generating px4 event json file from source
[3/20] Generating combined event json file
[4/20] Building CXX object src/drivers/actuators/hx8_uart_servo/CMakeFiles/drivers__actuators__hx8_uart_servo.dir/Hx8UartServo.cpp.obj
[5/20] Linking CXX static library src/drivers/actuators/hx8_uart_servo/libdrivers__actuators__hx8_uart_servo.a
[6/20] Generating component_general.json and checksums.h
[7/20] Building CXX object src/modules/logger/CMakeFiles/modules__logger.dir/logger.cpp.obj
[8/20] Building CXX object src/modules/mavlink/CMakeFiles/modules__mavlink_original.dir/mavlink_messages.cpp.obj
[9/20] Linking CXX static library src/modules/logger/libmodules__logger.a
[10/20] ROMFS: copying extras
[11/20] Linking CXX static library src/modules/mavlink/libmodules__mavlink_original.a
[12/20] Building CXX object src/modules/mavlink/CMakeFiles/modules__mavlink.dir/modules__mavlink_unity.cpp.obj
[13/20] ROMFS: pruning
[14/20] Linking CXX static library src/modules/mavlink/libmodules__mavlink.a
[15/20] ROMFS: generating image
[16/20] Building C object ROMFS/CMakeFiles/romfs.dir/nsh_romfsimg.c.obj
[17/20] Linking C static library ROMFS/libromfs.a
[18/20] Linking CXX executable zeroone_x6_hybrid.elf
Memory region         Used Size  Region Size  %age Used
        ITCM_RAM:          0 GB        64 KB      0.00%
           FLASH:     1888136 B      1920 KB     96.04%
       DTCM1_RAM:          0 GB        64 KB      0.00%
       DTCM2_RAM:          0 GB        64 KB      0.00%
        AXI_SRAM:       99844 B       512 KB     19.04%
           SRAM1:          0 GB       128 KB      0.00%
           SRAM2:          0 GB       128 KB      0.00%
           SRAM3:          0 GB        32 KB      0.00%
           SRAM4:          2 KB        64 KB      3.12%
          BKPRAM:          0 GB         4 KB      0.00%
[19/20] Generating ../../zeroone_x6_hybrid.bin
[20/20] Creating /home/crocodile/PX4-Autopilot-hx8-hx65hm/build/zeroone_x6_hybrid/zeroone_x6_hybrid.px4
