[1/19] Building CXX object src/lib/hybrid_control/CMakeFiles/hybrid_control.dir/M2006DriveGate.cpp.obj
[2/19] Linking CXX static library src/lib/hybrid_control/libhybrid_control.a
[3/19] Generating px4 event json file from source
[4/19] Generating combined event json file
[5/19] Generating component_general.json and checksums.h
[6/19] Building CXX object src/modules/logger/CMakeFiles/modules__logger.dir/logger.cpp.obj
[7/19] Building CXX object src/modules/mavlink/CMakeFiles/modules__mavlink_original.dir/mavlink_messages.cpp.obj
[8/19] ROMFS: copying extras
[9/19] Linking CXX static library src/modules/logger/libmodules__logger.a
[10/19] Linking CXX static library src/modules/mavlink/libmodules__mavlink_original.a
[11/19] Building CXX object src/modules/mavlink/CMakeFiles/modules__mavlink.dir/modules__mavlink_unity.cpp.obj
[12/19] ROMFS: pruning
[13/19] Linking CXX static library src/modules/mavlink/libmodules__mavlink.a
[14/19] ROMFS: generating image
[15/19] Building C object ROMFS/CMakeFiles/romfs.dir/nsh_romfsimg.c.obj
[16/19] Linking C static library ROMFS/libromfs.a
[17/19] Linking CXX executable zeroone_x6_hybrid.elf
Memory region         Used Size  Region Size  %age Used
        ITCM_RAM:          0 GB        64 KB      0.00%
           FLASH:     1868904 B      1920 KB     95.06%
       DTCM1_RAM:          0 GB        64 KB      0.00%
       DTCM2_RAM:          0 GB        64 KB      0.00%
        AXI_SRAM:       99844 B       512 KB     19.04%
           SRAM1:          0 GB       128 KB      0.00%
           SRAM2:          0 GB       128 KB      0.00%
           SRAM3:          0 GB        32 KB      0.00%
           SRAM4:          2 KB        64 KB      3.12%
          BKPRAM:          0 GB         4 KB      0.00%
[18/19] Generating ../../zeroone_x6_hybrid.bin
[19/19] Creating /home/crocodile/PX4-Autopilot-debug-testc1-v1.16.1/build/zeroone_x6_hybrid/zeroone_x6_hybrid.px4
