[1/19] Generating px4 event json file from source
[2/19] Generating combined event json file
[3/19] Generating component_general.json and checksums.h
[4/19] Building CXX object src/modules/logger/CMakeFiles/modules__logger.dir/logger.cpp.obj
[5/19] Building CXX object src/modules/mavlink/CMakeFiles/modules__mavlink_original.dir/mavlink_messages.cpp.obj
[6/19] Linking CXX static library src/modules/logger/libmodules__logger.a
[7/19] ROMFS: copying extras
[8/19] Linking CXX static library src/modules/mavlink/libmodules__mavlink_original.a
[9/19] Building CXX object src/modules/mavlink/CMakeFiles/modules__mavlink.dir/modules__mavlink_unity.cpp.obj
[10/19] ROMFS: pruning
[11/19] Linking CXX static library src/modules/mavlink/libmodules__mavlink.a
[12/19] ROMFS: generating image
[13/19] Building C object ROMFS/CMakeFiles/romfs.dir/nsh_romfsimg.c.obj
[14/19] Linking C static library ROMFS/libromfs.a
[15/19] Building CXX object src/modules/mc_pos_control/CMakeFiles/modules__mc_pos_control.dir/MulticopterPositionControl.cpp.obj
[16/19] Linking CXX static library src/modules/mc_pos_control/libmodules__mc_pos_control.a
[17/19] Linking CXX executable zeroone_x6_hybrid.elf
Memory region         Used Size  Region Size  %age Used
        ITCM_RAM:          0 GB        64 KB      0.00%
           FLASH:     1893952 B      1920 KB     96.33%
       DTCM1_RAM:          0 GB        64 KB      0.00%
       DTCM2_RAM:          0 GB        64 KB      0.00%
        AXI_SRAM:       99844 B       512 KB     19.04%
           SRAM1:          0 GB       128 KB      0.00%
           SRAM2:          0 GB       128 KB      0.00%
           SRAM3:          0 GB        32 KB      0.00%
           SRAM4:          2 KB        64 KB      3.12%
          BKPRAM:          0 GB         4 KB      0.00%
[18/19] Generating ../../zeroone_x6_hybrid.bin
[19/19] Creating /home/crocodile/PX4-Autopilot-testc4-rover-tuning/build/zeroone_x6_hybrid/zeroone_x6_hybrid.px4
