[1/23] Building CXX object src/lib/hybrid_control/CMakeFiles/hybrid_control.dir/M2006DriveGate.cpp.obj
[2/23] Linking CXX static library src/lib/hybrid_control/libhybrid_control.a
[3/23] Generating px4 event json file from source
[4/23] Building CXX object src/modules/hybrid_vehicle_control/CMakeFiles/modules__hybrid_vehicle_control.dir/hybrid_vehicle_control.cpp.obj
[5/23] Linking CXX static library src/modules/hybrid_vehicle_control/libmodules__hybrid_vehicle_control.a
[6/23] Generating combined event json file
[7/23] Generating component_general.json and checksums.h
[8/23] Building CXX object src/modules/logger/CMakeFiles/modules__logger.dir/logger.cpp.obj
[9/23] Building CXX object src/modules/mavlink/CMakeFiles/modules__mavlink_original.dir/mavlink_messages.cpp.obj
[10/23] Building CXX object src/drivers/uavcan/m2006_can/CMakeFiles/drivers__m2006_can.dir/M2006Can.cpp.obj
[11/23] ROMFS: copying extras
[12/23] Linking CXX static library src/modules/logger/libmodules__logger.a
[13/23] Linking CXX static library src/drivers/uavcan/m2006_can/libdrivers__m2006_can.a
[14/23] Linking CXX static library src/modules/mavlink/libmodules__mavlink_original.a
[15/23] Building CXX object src/modules/mavlink/CMakeFiles/modules__mavlink.dir/modules__mavlink_unity.cpp.obj
[16/23] ROMFS: pruning
[17/23] Linking CXX static library src/modules/mavlink/libmodules__mavlink.a
[18/23] ROMFS: generating image
[19/23] Building C object ROMFS/CMakeFiles/romfs.dir/nsh_romfsimg.c.obj
[20/23] Linking C static library ROMFS/libromfs.a
[21/23] Linking CXX executable zeroone_x6_hybrid.elf
Memory region         Used Size  Region Size  %age Used
        ITCM_RAM:          0 GB        64 KB      0.00%
           FLASH:     1868912 B      1920 KB     95.06%
       DTCM1_RAM:          0 GB        64 KB      0.00%
       DTCM2_RAM:          0 GB        64 KB      0.00%
        AXI_SRAM:       99844 B       512 KB     19.04%
           SRAM1:          0 GB       128 KB      0.00%
           SRAM2:          0 GB       128 KB      0.00%
           SRAM3:          0 GB        32 KB      0.00%
           SRAM4:          2 KB        64 KB      3.12%
          BKPRAM:          0 GB         4 KB      0.00%
[22/23] Generating ../../zeroone_x6_hybrid.bin
[23/23] Creating /home/crocodile/PX4-Autopilot-debug-testc1-v1.16.1/build/zeroone_x6_hybrid/zeroone_x6_hybrid.px4
